20:13:34 **** Build of configuration Default for project Prac1 ****
make all 
mkdir build		
arm-none-eabi-gcc -c -mcpu=cortex-m0 -mthumb   -DSTM32F051x8 -DUSE_FULL_LL_DRIVER -DHSE_VALUE=8000000 -DHSE_STARTUP_TIMEOUT=100 -DLSE_STARTUP_TIMEOUT=5000 -DLSE_VALUE=32768 -DHSI_VALUE=8000000 -DLSI_VALUE=40000 -DVDD_VALUE=3300 -DPREFETCH_ENABLE=1 -DINSTRUCTION_CACHE_ENABLE=0 -DDATA_CACHE_ENABLE=0 -ICore/Inc -IDrivers/STM32F0xx_HAL_Driver/Inc -IDrivers/CMSIS/Device/ST/STM32F0xx/Include -IDrivers/CMSIS/Include -Og -Wall -fdata-sections -ffunction-sections -g -gdwarf-2 -MMD -MP -MF"build/main.d" -Wa,-a,-ad,-alms=build/main.lst Core/Src/main.c -o build/main.o
In file included from Drivers/STM32F0xx_HAL_Driver/Inc/stm32f0xx_hal.h:29,
                 from Core/Inc/main.h:30,
                 from Core/Src/main.c:20:
Core/Inc/stm32f0xx_hal_conf.h:151: warning: "VDD_VALUE" redefined
  151 | #define  VDD_VALUE                    ((uint32_t)3300) /*!< Value of VDD in mv */
      | 
<command-line>: note: this is the location of the previous definition
arm-none-eabi-gcc -c -mcpu=cortex-m0 -mthumb   -DSTM32F051x8 -DUSE_FULL_LL_DRIVER -DHSE_VALUE=8000000 -DHSE_STARTUP_TIMEOUT=100 -DLSE_STARTUP_TIMEOUT=5000 -DLSE_VALUE=32768 -DHSI_VALUE=8000000 -DLSI_VALUE=40000 -DVDD_VALUE=3300 -DPREFETCH_ENABLE=1 -DINSTRUCTION_CACHE_ENABLE=0 -DDATA_CACHE_ENABLE=0 -ICore/Inc -IDrivers/STM32F0xx_HAL_Driver/Inc -IDrivers/CMSIS/Device/ST/STM32F0xx/Include -IDrivers/CMSIS/Include -Og -Wall -fdata-sections -ffunction-sections -g -gdwarf-2 -MMD -MP -MF"build/stm32f0xx_it.d" -Wa,-a,-ad,-alms=build/stm32f0xx_it.lst Core/Src/stm32f0xx_it.c -o build/stm32f0xx_it.o
In file included from Drivers/STM32F0xx_HAL_Driver/Inc/stm32f0xx_hal.h:29,
                 from Core/Inc/main.h:30,
                 from Core/Src/stm32f0xx_it.c:21:
Core/Inc/stm32f0xx_hal_conf.h:151: warning: "VDD_VALUE" redefined
  151 | #define  VDD_VALUE                    ((uint32_t)3300) /*!< Value of VDD in mv */
      | 
<command-line>: note: this is the location of the previous definition
arm-none-eabi-gcc -c -mcpu=cortex-m0 -mthumb   -DSTM32F051x8 -DUSE_FULL_LL_DRIVER -DHSE_VALUE=8000000 -DHSE_STARTUP_TIMEOUT=100 -DLSE_STARTUP_TIMEOUT=5000 -DLSE_VALUE=32768 -DHSI_VALUE=8000000 -DLSI_VALUE=40000 -DVDD_VALUE=3300 -DPREFETCH_ENABLE=1 -DINSTRUCTION_CACHE_ENABLE=0 -DDATA_CACHE_ENABLE=0 -ICore/Inc -IDrivers/STM32F0xx_HAL_Driver/Inc -IDrivers/CMSIS/Device/ST/STM32F0xx/Include -IDrivers/CMSIS/Include -Og -Wall -fdata-sections -ffunction-sections -g -gdwarf-2 -MMD -MP -MF"build/system_stm32f0xx.d" -Wa,-a,-ad,-alms=build/system_stm32f0xx.lst Core/Src/system_stm32f0xx.c -o build/system_stm32f0xx.o
arm-none-eabi-gcc -c -mcpu=cortex-m0 -mthumb   -DSTM32F051x8 -DUSE_FULL_LL_DRIVER -DHSE_VALUE=8000000 -DHSE_STARTUP_TIMEOUT=100 -DLSE_STARTUP_TIMEOUT=5000 -DLSE_VALUE=32768 -DHSI_VALUE=8000000 -DLSI_VALUE=40000 -DVDD_VALUE=3300 -DPREFETCH_ENABLE=1 -DINSTRUCTION_CACHE_ENABLE=0 -DDATA_CACHE_ENABLE=0 -ICore/Inc -IDrivers/STM32F0xx_HAL_Driver/Inc -IDrivers/CMSIS/Device/ST/STM32F0xx/Include -IDrivers/CMSIS/Include -Og -Wall -fdata-sections -ffunction-sections -g -gdwarf-2 -MMD -MP -MF"build/stm32f0xx_ll_gpio.d" -Wa,-a,-ad,-alms=build/stm32f0xx_ll_gpio.lst Drivers/STM32F0xx_HAL_Driver/Src/stm32f0xx_ll_gpio.c -o build/stm32f0xx_ll_gpio.o
arm-none-eabi-gcc -c -mcpu=cortex-m0 -mthumb   -DSTM32F051x8 -DUSE_FULL_LL_DRIVER -DHSE_VALUE=8000000 -DHSE_STARTUP_TIMEOUT=100 -DLSE_STARTUP_TIMEOUT=5000 -DLSE_VALUE=32768 -DHSI_VALUE=8000000 -DLSI_VALUE=40000 -DVDD_VALUE=3300 -DPREFETCH_ENABLE=1 -DINSTRUCTION_CACHE_ENABLE=0 -DDATA_CACHE_ENABLE=0 -ICore/Inc -IDrivers/STM32F0xx_HAL_Driver/Inc -IDrivers/CMSIS/Device/ST/STM32F0xx/Include -IDrivers/CMSIS/Include -Og -Wall -fdata-sections -ffunction-sections -g -gdwarf-2 -MMD -MP -MF"build/stm32f0xx_hal.d" -Wa,-a,-ad,-alms=build/stm32f0xx_hal.lst Drivers/STM32F0xx_HAL_Driver/Src/stm32f0xx_hal.c -o build/stm32f0xx_hal.o
In file included from Drivers/STM32F0xx_HAL_Driver/Inc/stm32f0xx_hal.h:29,
                 from Drivers/STM32F0xx_HAL_Driver/Src/stm32f0xx_hal.c:36:
Core/Inc/stm32f0xx_hal_conf.h:151: warning: "VDD_VALUE" redefined
  151 | #define  VDD_VALUE                    ((uint32_t)3300) /*!< Value of VDD in mv */
      | 
<command-line>: note: this is the location of the previous definition
arm-none-eabi-gcc -c -mcpu=cortex-m0 -mthumb   -DSTM32F051x8 -DUSE_FULL_LL_DRIVER -DHSE_VALUE=8000000 -DHSE_STARTUP_TIMEOUT=100 -DLSE_STARTUP_TIMEOUT=5000 -DLSE_VALUE=32768 -DHSI_VALUE=8000000 -DLSI_VALUE=40000 -DVDD_VALUE=3300 -DPREFETCH_ENABLE=1 -DINSTRUCTION_CACHE_ENABLE=0 -DDATA_CACHE_ENABLE=0 -ICore/Inc -IDrivers/STM32F0xx_HAL_Driver/Inc -IDrivers/CMSIS/Device/ST/STM32F0xx/Include -IDrivers/CMSIS/Include -Og -Wall -fdata-sections -ffunction-sections -g -gdwarf-2 -MMD -MP -MF"build/stm32f0xx_hal_pwr.d" -Wa,-a,-ad,-alms=build/stm32f0xx_hal_pwr.lst Drivers/STM32F0xx_HAL_Driver/Src/stm32f0xx_hal_pwr.c -o build/stm32f0xx_hal_pwr.o
In file included from Drivers/STM32F0xx_HAL_Driver/Inc/stm32f0xx_hal.h:29,
                 from Drivers/STM32F0xx_HAL_Driver/Src/stm32f0xx_hal_pwr.c:25:
Core/Inc/stm32f0xx_hal_conf.h:151: warning: "VDD_VALUE" redefined
  151 | #define  VDD_VALUE                    ((uint32_t)3300) /*!< Value of VDD in mv */
      | 
<command-line>: note: this is the location of the previous definition
arm-none-eabi-gcc -c -mcpu=cortex-m0 -mthumb   -DSTM32F051x8 -DUSE_FULL_LL_DRIVER -DHSE_VALUE=8000000 -DHSE_STARTUP_TIMEOUT=100 -DLSE_STARTUP_TIMEOUT=5000 -DLSE_VALUE=32768 -DHSI_VALUE=8000000 -DLSI_VALUE=40000 -DVDD_VALUE=3300 -DPREFETCH_ENABLE=1 -DINSTRUCTION_CACHE_ENABLE=0 -DDATA_CACHE_ENABLE=0 -ICore/Inc -IDrivers/STM32F0xx_HAL_Driver/Inc -IDrivers/CMSIS/Device/ST/STM32F0xx/Include -IDrivers/CMSIS/Include -Og -Wall -fdata-sections -ffunction-sections -g -gdwarf-2 -MMD -MP -MF"build/stm32f0xx_hal_pwr_ex.d" -Wa,-a,-ad,-alms=build/stm32f0xx_hal_pwr_ex.lst Drivers/STM32F0xx_HAL_Driver/Src/stm32f0xx_hal_pwr_ex.c -o build/stm32f0xx_hal_pwr_ex.o
In file included from Drivers/STM32F0xx_HAL_Driver/Inc/stm32f0xx_hal.h:29,
                 from Drivers/STM32F0xx_HAL_Driver/Src/stm32f0xx_hal_pwr_ex.c:25:
Core/Inc/stm32f0xx_hal_conf.h:151: warning: "VDD_VALUE" redefined
  151 | #define  VDD_VALUE                    ((uint32_t)3300) /*!< Value of VDD in mv */
      | 
<command-line>: note: this is the location of the previous definition
arm-none-eabi-gcc -c -mcpu=cortex-m0 -mthumb   -DSTM32F051x8 -DUSE_FULL_LL_DRIVER -DHSE_VALUE=8000000 -DHSE_STARTUP_TIMEOUT=100 -DLSE_STARTUP_TIMEOUT=5000 -DLSE_VALUE=32768 -DHSI_VALUE=8000000 -DLSI_VALUE=40000 -DVDD_VALUE=3300 -DPREFETCH_ENABLE=1 -DINSTRUCTION_CACHE_ENABLE=0 -DDATA_CACHE_ENABLE=0 -ICore/Inc -IDrivers/STM32F0xx_HAL_Driver/Inc -IDrivers/CMSIS/Device/ST/STM32F0xx/Include -IDrivers/CMSIS/Include -Og -Wall -fdata-sections -ffunction-sections -g -gdwarf-2 -MMD -MP -MF"build/stm32f0xx_ll_exti.d" -Wa,-a,-ad,-alms=build/stm32f0xx_ll_exti.lst Drivers/STM32F0xx_HAL_Driver/Src/stm32f0xx_ll_exti.c -o build/stm32f0xx_ll_exti.o
arm-none-eabi-gcc -c -mcpu=cortex-m0 -mthumb   -DSTM32F051x8 -DUSE_FULL_LL_DRIVER -DHSE_VALUE=8000000 -DHSE_STARTUP_TIMEOUT=100 -DLSE_STARTUP_TIMEOUT=5000 -DLSE_VALUE=32768 -DHSI_VALUE=8000000 -DLSI_VALUE=40000 -DVDD_VALUE=3300 -DPREFETCH_ENABLE=1 -DINSTRUCTION_CACHE_ENABLE=0 -DDATA_CACHE_ENABLE=0 -ICore/Inc -IDrivers/STM32F0xx_HAL_Driver/Inc -IDrivers/CMSIS/Device/ST/STM32F0xx/Include -IDrivers/CMSIS/Include -Og -Wall -fdata-sections -ffunction-sections -g -gdwarf-2 -MMD -MP -MF"build/stm32f0xx_ll_rcc.d" -Wa,-a,-ad,-alms=build/stm32f0xx_ll_rcc.lst Drivers/STM32F0xx_HAL_Driver/Src/stm32f0xx_ll_rcc.c -o build/stm32f0xx_ll_rcc.o
arm-none-eabi-gcc -c -mcpu=cortex-m0 -mthumb   -DSTM32F051x8 -DUSE_FULL_LL_DRIVER -DHSE_VALUE=8000000 -DHSE_STARTUP_TIMEOUT=100 -DLSE_STARTUP_TIMEOUT=5000 -DLSE_VALUE=32768 -DHSI_VALUE=8000000 -DLSI_VALUE=40000 -DVDD_VALUE=3300 -DPREFETCH_ENABLE=1 -DINSTRUCTION_CACHE_ENABLE=0 -DDATA_CACHE_ENABLE=0 -ICore/Inc -IDrivers/STM32F0xx_HAL_Driver/Inc -IDrivers/CMSIS/Device/ST/STM32F0xx/Include -IDrivers/CMSIS/Include -Og -Wall -fdata-sections -ffunction-sections -g -gdwarf-2 -MMD -MP -MF"build/stm32f0xx_hal_cortex.d" -Wa,-a,-ad,-alms=build/stm32f0xx_hal_cortex.lst Drivers/STM32F0xx_HAL_Driver/Src/stm32f0xx_hal_cortex.c -o build/stm32f0xx_hal_cortex.o
In file included from Drivers/STM32F0xx_HAL_Driver/Inc/stm32f0xx_hal.h:29,
                 from Drivers/STM32F0xx_HAL_Driver/Src/stm32f0xx_hal_cortex.c:82:
Core/Inc/stm32f0xx_hal_conf.h:151: warning: "VDD_VALUE" redefined
  151 | #define  VDD_VALUE                    ((uint32_t)3300) /*!< Value of VDD in mv */
      | 
<command-line>: note: this is the location of the previous definition
arm-none-eabi-gcc -c -mcpu=cortex-m0 -mthumb   -DSTM32F051x8 -DUSE_FULL_LL_DRIVER -DHSE_VALUE=8000000 -DHSE_STARTUP_TIMEOUT=100 -DLSE_STARTUP_TIMEOUT=5000 -DLSE_VALUE=32768 -DHSI_VALUE=8000000 -DLSI_VALUE=40000 -DVDD_VALUE=3300 -DPREFETCH_ENABLE=1 -DINSTRUCTION_CACHE_ENABLE=0 -DDATA_CACHE_ENABLE=0 -ICore/Inc -IDrivers/STM32F0xx_HAL_Driver/Inc -IDrivers/CMSIS/Device/ST/STM32F0xx/Include -IDrivers/CMSIS/Include -Og -Wall -fdata-sections -ffunction-sections -g -gdwarf-2 -MMD -MP -MF"build/stm32f0xx_hal_dma.d" -Wa,-a,-ad,-alms=build/stm32f0xx_hal_dma.lst Drivers/STM32F0xx_HAL_Driver/Src/stm32f0xx_hal_dma.c -o build/stm32f0xx_hal_dma.o
In file included from Drivers/STM32F0xx_HAL_Driver/Inc/stm32f0xx_hal.h:29,
                 from Drivers/STM32F0xx_HAL_Driver/Src/stm32f0xx_hal_dma.c:77:
Core/Inc/stm32f0xx_hal_conf.h:151: warning: "VDD_VALUE" redefined
  151 | #define  VDD_VALUE                    ((uint32_t)3300) /*!< Value of VDD in mv */
      | 
<command-line>: note: this is the location of the previous definition
arm-none-eabi-gcc -c -mcpu=cortex-m0 -mthumb   -DSTM32F051x8 -DUSE_FULL_LL_DRIVER -DHSE_VALUE=8000000 -DHSE_STARTUP_TIMEOUT=100 -DLSE_STARTUP_TIMEOUT=5000 -DLSE_VALUE=32768 -DHSI_VALUE=8000000 -DLSI_VALUE=40000 -DVDD_VALUE=3300 -DPREFETCH_ENABLE=1 -DINSTRUCTION_CACHE_ENABLE=0 -DDATA_CACHE_ENABLE=0 -ICore/Inc -IDrivers/STM32F0xx_HAL_Driver/Inc -IDrivers/CMSIS/Device/ST/STM32F0xx/Include -IDrivers/CMSIS/Include -Og -Wall -fdata-sections -ffunction-sections -g -gdwarf-2 -MMD -MP -MF"build/stm32f0xx_hal_flash.d" -Wa,-a,-ad,-alms=build/stm32f0xx_hal_flash.lst Drivers/STM32F0xx_HAL_Driver/Src/stm32f0xx_hal_flash.c -o build/stm32f0xx_hal_flash.o
In file included from Drivers/STM32F0xx_HAL_Driver/Inc/stm32f0xx_hal.h:29,
                 from Drivers/STM32F0xx_HAL_Driver/Src/stm32f0xx_hal_flash.c:82:
Core/Inc/stm32f0xx_hal_conf.h:151: warning: "VDD_VALUE" redefined
  151 | #define  VDD_VALUE                    ((uint32_t)3300) /*!< Value of VDD in mv */
      | 
<command-line>: note: this is the location of the previous definition
arm-none-eabi-gcc -c -mcpu=cortex-m0 -mthumb   -DSTM32F051x8 -DUSE_FULL_LL_DRIVER -DHSE_VALUE=8000000 -DHSE_STARTUP_TIMEOUT=100 -DLSE_STARTUP_TIMEOUT=5000 -DLSE_VALUE=32768 -DHSI_VALUE=8000000 -DLSI_VALUE=40000 -DVDD_VALUE=3300 -DPREFETCH_ENABLE=1 -DINSTRUCTION_CACHE_ENABLE=0 -DDATA_CACHE_ENABLE=0 -ICore/Inc -IDrivers/STM32F0xx_HAL_Driver/Inc -IDrivers/CMSIS/Device/ST/STM32F0xx/Include -IDrivers/CMSIS/Include -Og -Wall -fdata-sections -ffunction-sections -g -gdwarf-2 -MMD -MP -MF"build/stm32f0xx_hal_flash_ex.d" -Wa,-a,-ad,-alms=build/stm32f0xx_hal_flash_ex.lst Drivers/STM32F0xx_HAL_Driver/Src/stm32f0xx_hal_flash_ex.c -o build/stm32f0xx_hal_flash_ex.o
In file included from Drivers/STM32F0xx_HAL_Driver/Inc/stm32f0xx_hal.h:29,
                 from Drivers/STM32F0xx_HAL_Driver/Src/stm32f0xx_hal_flash_ex.c:41:
Core/Inc/stm32f0xx_hal_conf.h:151: warning: "VDD_VALUE" redefined
  151 | #define  VDD_VALUE                    ((uint32_t)3300) /*!< Value of VDD in mv */
      | 
<command-line>: note: this is the location of the previous definition
arm-none-eabi-gcc -c -mcpu=cortex-m0 -mthumb   -DSTM32F051x8 -DUSE_FULL_LL_DRIVER -DHSE_VALUE=8000000 -DHSE_STARTUP_TIMEOUT=100 -DLSE_STARTUP_TIMEOUT=5000 -DLSE_VALUE=32768 -DHSI_VALUE=8000000 -DLSI_VALUE=40000 -DVDD_VALUE=3300 -DPREFETCH_ENABLE=1 -DINSTRUCTION_CACHE_ENABLE=0 -DDATA_CACHE_ENABLE=0 -ICore/Inc -IDrivers/STM32F0xx_HAL_Driver/Inc -IDrivers/CMSIS/Device/ST/STM32F0xx/Include -IDrivers/CMSIS/Include -Og -Wall -fdata-sections -ffunction-sections -g -gdwarf-2 -MMD -MP -MF"build/stm32f0xx_hal_gpio.d" -Wa,-a,-ad,-alms=build/stm32f0xx_hal_gpio.lst Drivers/STM32F0xx_HAL_Driver/Src/stm32f0xx_hal_gpio.c -o build/stm32f0xx_hal_gpio.o
In file included from Drivers/STM32F0xx_HAL_Driver/Inc/stm32f0xx_hal.h:29,
                 from Drivers/STM32F0xx_HAL_Driver/Src/stm32f0xx_hal_gpio.c:111:
Core/Inc/stm32f0xx_hal_conf.h:151: warning: "VDD_VALUE" redefined
  151 | #define  VDD_VALUE                    ((uint32_t)3300) /*!< Value of VDD in mv */
      | 
<command-line>: note: this is the location of the previous definition
arm-none-eabi-gcc -c -mcpu=cortex-m0 -mthumb   -DSTM32F051x8 -DUSE_FULL_LL_DRIVER -DHSE_VALUE=8000000 -DHSE_STARTUP_TIMEOUT=100 -DLSE_STARTUP_TIMEOUT=5000 -DLSE_VALUE=32768 -DHSI_VALUE=8000000 -DLSI_VALUE=40000 -DVDD_VALUE=3300 -DPREFETCH_ENABLE=1 -DINSTRUCTION_CACHE_ENABLE=0 -DDATA_CACHE_ENABLE=0 -ICore/Inc -IDrivers/STM32F0xx_HAL_Driver/Inc -IDrivers/CMSIS/Device/ST/STM32F0xx/Include -IDrivers/CMSIS/Include -Og -Wall -fdata-sections -ffunction-sections -g -gdwarf-2 -MMD -MP -MF"build/stm32f0xx_hal_i2c.d" -Wa,-a,-ad,-alms=build/stm32f0xx_hal_i2c.lst Drivers/STM32F0xx_HAL_Driver/Src/stm32f0xx_hal_i2c.c -o build/stm32f0xx_hal_i2c.o
In file included from Drivers/STM32F0xx_HAL_Driver/Inc/stm32f0xx_hal.h:29,
                 from Drivers/STM32F0xx_HAL_Driver/Src/stm32f0xx_hal_i2c.c:323:
Core/Inc/stm32f0xx_hal_conf.h:151: warning: "VDD_VALUE" redefined
  151 | #define  VDD_VALUE                    ((uint32_t)3300) /*!< Value of VDD in mv */
      | 
<command-line>: note: this is the location of the previous definition
arm-none-eabi-gcc -c -mcpu=cortex-m0 -mthumb   -DSTM32F051x8 -DUSE_FULL_LL_DRIVER -DHSE_VALUE=8000000 -DHSE_STARTUP_TIMEOUT=100 -DLSE_STARTUP_TIMEOUT=5000 -DLSE_VALUE=32768 -DHSI_VALUE=8000000 -DLSI_VALUE=40000 -DVDD_VALUE=3300 -DPREFETCH_ENABLE=1 -DINSTRUCTION_CACHE_ENABLE=0 -DDATA_CACHE_ENABLE=0 -ICore/Inc -IDrivers/STM32F0xx_HAL_Driver/Inc -IDrivers/CMSIS/Device/ST/STM32F0xx/Include -IDrivers/CMSIS/Include -Og -Wall -fdata-sections -ffunction-sections -g -gdwarf-2 -MMD -MP -MF"build/stm32f0xx_hal_i2c_ex.d" -Wa,-a,-ad,-alms=build/stm32f0xx_hal_i2c_ex.lst Drivers/STM32F0xx_HAL_Driver/Src/stm32f0xx_hal_i2c_ex.c -o build/stm32f0xx_hal_i2c_ex.o
In file included from Drivers/STM32F0xx_HAL_Driver/Inc/stm32f0xx_hal.h:29,
                 from Drivers/STM32F0xx_HAL_Driver/Src/stm32f0xx_hal_i2c_ex.c:51:
Core/Inc/stm32f0xx_hal_conf.h:151: warning: "VDD_VALUE" redefined
  151 | #define  VDD_VALUE                    ((uint32_t)3300) /*!< Value of VDD in mv */
      | 
<command-line>: note: this is the location of the previous definition
arm-none-eabi-gcc -c -mcpu=cortex-m0 -mthumb   -DSTM32F051x8 -DUSE_FULL_LL_DRIVER -DHSE_VALUE=8000000 -DHSE_STARTUP_TIMEOUT=100 -DLSE_STARTUP_TIMEOUT=5000 -DLSE_VALUE=32768 -DHSI_VALUE=8000000 -DLSI_VALUE=40000 -DVDD_VALUE=3300 -DPREFETCH_ENABLE=1 -DINSTRUCTION_CACHE_ENABLE=0 -DDATA_CACHE_ENABLE=0 -ICore/Inc -IDrivers/STM32F0xx_HAL_Driver/Inc -IDrivers/CMSIS/Device/ST/STM32F0xx/Include -IDrivers/CMSIS/Include -Og -Wall -fdata-sections -ffunction-sections -g -gdwarf-2 -MMD -MP -MF"build/stm32f0xx_hal_tim.d" -Wa,-a,-ad,-alms=build/stm32f0xx_hal_tim.lst Drivers/STM32F0xx_HAL_Driver/Src/stm32f0xx_hal_tim.c -o build/stm32f0xx_hal_tim.o
In file included from Drivers/STM32F0xx_HAL_Driver/Inc/stm32f0xx_hal.h:29,
                 from Drivers/STM32F0xx_HAL_Driver/Src/stm32f0xx_hal_tim.c:186:
Core/Inc/stm32f0xx_hal_conf.h:151: warning: "VDD_VALUE" redefined
  151 | #define  VDD_VALUE                    ((uint32_t)3300) /*!< Value of VDD in mv */
      | 
<command-line>: note: this is the location of the previous definition
arm-none-eabi-gcc -c -mcpu=cortex-m0 -mthumb   -DSTM32F051x8 -DUSE_FULL_LL_DRIVER -DHSE_VALUE=8000000 -DHSE_STARTUP_TIMEOUT=100 -DLSE_STARTUP_TIMEOUT=5000 -DLSE_VALUE=32768 -DHSI_VALUE=8000000 -DLSI_VALUE=40000 -DVDD_VALUE=3300 -DPREFETCH_ENABLE=1 -DINSTRUCTION_CACHE_ENABLE=0 -DDATA_CACHE_ENABLE=0 -ICore/Inc -IDrivers/STM32F0xx_HAL_Driver/Inc -IDrivers/CMSIS/Device/ST/STM32F0xx/Include -IDrivers/CMSIS/Include -Og -Wall -fdata-sections -ffunction-sections -g -gdwarf-2 -MMD -MP -MF"build/stm32f0xx_hal_tim_ex.d" -Wa,-a,-ad,-alms=build/stm32f0xx_hal_tim_ex.lst Drivers/STM32F0xx_HAL_Driver/Src/stm32f0xx_hal_tim_ex.c -o build/stm32f0xx_hal_tim_ex.o
In file included from Drivers/STM32F0xx_HAL_Driver/Inc/stm32f0xx_hal.h:29,
                 from Drivers/STM32F0xx_HAL_Driver/Src/stm32f0xx_hal_tim_ex.c:82:
Core/Inc/stm32f0xx_hal_conf.h:151: warning: "VDD_VALUE" redefined
  151 | #define  VDD_VALUE                    ((uint32_t)3300) /*!< Value of VDD in mv */
      | 
<command-line>: note: this is the location of the previous definition
arm-none-eabi-gcc -c -mcpu=cortex-m0 -mthumb   -DSTM32F051x8 -DUSE_FULL_LL_DRIVER -DHSE_VALUE=8000000 -DHSE_STARTUP_TIMEOUT=100 -DLSE_STARTUP_TIMEOUT=5000 -DLSE_VALUE=32768 -DHSI_VALUE=8000000 -DLSI_VALUE=40000 -DVDD_VALUE=3300 -DPREFETCH_ENABLE=1 -DINSTRUCTION_CACHE_ENABLE=0 -DDATA_CACHE_ENABLE=0 -ICore/Inc -IDrivers/STM32F0xx_HAL_Driver/Inc -IDrivers/CMSIS/Device/ST/STM32F0xx/Include -IDrivers/CMSIS/Include -Og -Wall -fdata-sections -ffunction-sections -g -gdwarf-2 -MMD -MP -MF"build/stm32f0xx_hal_rcc.d" -Wa,-a,-ad,-alms=build/stm32f0xx_hal_rcc.lst Drivers/STM32F0xx_HAL_Driver/Src/stm32f0xx_hal_rcc.c -o build/stm32f0xx_hal_rcc.o
In file included from Drivers/STM32F0xx_HAL_Driver/Inc/stm32f0xx_hal.h:29,
                 from Drivers/STM32F0xx_HAL_Driver/Src/stm32f0xx_hal_rcc.c:61:
Core/Inc/stm32f0xx_hal_conf.h:151: warning: "VDD_VALUE" redefined
  151 | #define  VDD_VALUE                    ((uint32_t)3300) /*!< Value of VDD in mv */
      | 
<command-line>: note: this is the location of the previous definition
arm-none-eabi-gcc -c -mcpu=cortex-m0 -mthumb   -DSTM32F051x8 -DUSE_FULL_LL_DRIVER -DHSE_VALUE=8000000 -DHSE_STARTUP_TIMEOUT=100 -DLSE_STARTUP_TIMEOUT=5000 -DLSE_VALUE=32768 -DHSI_VALUE=8000000 -DLSI_VALUE=40000 -DVDD_VALUE=3300 -DPREFETCH_ENABLE=1 -DINSTRUCTION_CACHE_ENABLE=0 -DDATA_CACHE_ENABLE=0 -ICore/Inc -IDrivers/STM32F0xx_HAL_Driver/Inc -IDrivers/CMSIS/Device/ST/STM32F0xx/Include -IDrivers/CMSIS/Include -Og -Wall -fdata-sections -ffunction-sections -g -gdwarf-2 -MMD -MP -MF"build/stm32f0xx_hal_rcc_ex.d" -Wa,-a,-ad,-alms=build/stm32f0xx_hal_rcc_ex.lst Drivers/STM32F0xx_HAL_Driver/Src/stm32f0xx_hal_rcc_ex.c -o build/stm32f0xx_hal_rcc_ex.o
In file included from Drivers/STM32F0xx_HAL_Driver/Inc/stm32f0xx_hal.h:29,
                 from Drivers/STM32F0xx_HAL_Driver/Src/stm32f0xx_hal_rcc_ex.c:24:
Core/Inc/stm32f0xx_hal_conf.h:151: warning: "VDD_VALUE" redefined
  151 | #define  VDD_VALUE                    ((uint32_t)3300) /*!< Value of VDD in mv */
      | 
<command-line>: note: this is the location of the previous definition
arm-none-eabi-gcc -c -mcpu=cortex-m0 -mthumb   -DSTM32F051x8 -DUSE_FULL_LL_DRIVER -DHSE_VALUE=8000000 -DHSE_STARTUP_TIMEOUT=100 -DLSE_STARTUP_TIMEOUT=5000 -DLSE_VALUE=32768 -DHSI_VALUE=8000000 -DLSI_VALUE=40000 -DVDD_VALUE=3300 -DPREFETCH_ENABLE=1 -DINSTRUCTION_CACHE_ENABLE=0 -DDATA_CACHE_ENABLE=0 -ICore/Inc -IDrivers/STM32F0xx_HAL_Driver/Inc -IDrivers/CMSIS/Device/ST/STM32F0xx/Include -IDrivers/CMSIS/Include -Og -Wall -fdata-sections -ffunction-sections -g -gdwarf-2 -MMD -MP -MF"build/stm32f0xx_hal_msp.d" -Wa,-a,-ad,-alms=build/stm32f0xx_hal_msp.lst Core/Src/stm32f0xx_hal_msp.c -o build/stm32f0xx_hal_msp.o
In file included from Drivers/STM32F0xx_HAL_Driver/Inc/stm32f0xx_hal.h:29,
                 from Core/Inc/main.h:30,
                 from Core/Src/stm32f0xx_hal_msp.c:22:
Core/Inc/stm32f0xx_hal_conf.h:151: warning: "VDD_VALUE" redefined
  151 | #define  VDD_VALUE                    ((uint32_t)3300) /*!< Value of VDD in mv */
      | 
<command-line>: note: this is the location of the previous definition
arm-none-eabi-gcc -c -mcpu=cortex-m0 -mthumb   -DSTM32F051x8 -DUSE_FULL_LL_DRIVER -DHSE_VALUE=8000000 -DHSE_STARTUP_TIMEOUT=100 -DLSE_STARTUP_TIMEOUT=5000 -DLSE_VALUE=32768 -DHSI_VALUE=8000000 -DLSI_VALUE=40000 -DVDD_VALUE=3300 -DPREFETCH_ENABLE=1 -DINSTRUCTION_CACHE_ENABLE=0 -DDATA_CACHE_ENABLE=0 -ICore/Inc -IDrivers/STM32F0xx_HAL_Driver/Inc -IDrivers/CMSIS/Device/ST/STM32F0xx/Include -IDrivers/CMSIS/Include -Og -Wall -fdata-sections -ffunction-sections -g -gdwarf-2 -MMD -MP -MF"build/stm32f0xx_ll_utils.d" -Wa,-a,-ad,-alms=build/stm32f0xx_ll_utils.lst Drivers/STM32F0xx_HAL_Driver/Src/stm32f0xx_ll_utils.c -o build/stm32f0xx_ll_utils.o
arm-none-eabi-gcc -x assembler-with-cpp -c -mcpu=cortex-m0 -mthumb   -DSTM32F051x8 -DUSE_FULL_LL_DRIVER -DHSE_VALUE=8000000 -DHSE_STARTUP_TIMEOUT=100 -DLSE_STARTUP_TIMEOUT=5000 -DLSE_VALUE=32768 -DHSI_VALUE=8000000 -DLSI_VALUE=40000 -DVDD_VALUE=3300 -DPREFETCH_ENABLE=1 -DINSTRUCTION_CACHE_ENABLE=0 -DDATA_CACHE_ENABLE=0 -ICore/Inc -IDrivers/STM32F0xx_HAL_Driver/Inc -IDrivers/CMSIS/Device/ST/STM32F0xx/Include -IDrivers/CMSIS/Include -Og -Wall -fdata-sections -ffunction-sections -g -gdwarf-2 -MMD -MP -MF"build/startup_stm32f051x8.d" startup_stm32f051x8.s -o build/startup_stm32f051x8.o
arm-none-eabi-gcc build/main.o build/stm32f0xx_it.o build/system_stm32f0xx.o build/stm32f0xx_ll_gpio.o build/stm32f0xx_hal.o build/stm32f0xx_hal_pwr.o build/stm32f0xx_hal_pwr_ex.o build/stm32f0xx_ll_exti.o build/stm32f0xx_ll_rcc.o build/stm32f0xx_hal_cortex.o build/stm32f0xx_hal_dma.o build/stm32f0xx_hal_flash.o build/stm32f0xx_hal_flash_ex.o build/stm32f0xx_hal_gpio.o build/stm32f0xx_hal_i2c.o build/stm32f0xx_hal_i2c_ex.o build/stm32f0xx_hal_tim.o build/stm32f0xx_hal_tim_ex.o build/stm32f0xx_hal_rcc.o build/stm32f0xx_hal_rcc_ex.o build/stm32f0xx_hal_msp.o build/stm32f0xx_ll_utils.o build/startup_stm32f051x8.o -mcpu=cortex-m0 -mthumb   -specs=nano.specs -TSTM32F051C6Tx_FLASH.ld  -lc -lm -lnosys  -Wl,-Map=build/Prac1.map,--cref -Wl,--gc-sections -o build/Prac1.elf
C:/ST/STM32CubeIDE_1.16.0/STM32CubeIDE/plugins/com.st.stm32cube.ide.mcu.externaltools.gnu-tools-for-stm32.12.3.rel1.win32_1.0.200.202406191623/tools/bin/../lib/gcc/arm-none-eabi/12.3.1/../../../../arm-none-eabi/bin/ld.exe: C:/ST/STM32CubeIDE_1.16.0/STM32CubeIDE/plugins/com.st.stm32cube.ide.mcu.externaltools.gnu-tools-for-stm32.12.3.rel1.win32_1.0.200.202406191623/tools/bin/../lib/gcc/arm-none-eabi/12.3.1/../../../../arm-none-eabi/lib/thumb/v6-m/nofp\libc_nano.a(libc_a-closer.o): in function `_close_r':
(.text._close_r+0xc): warning: _close is not implemented and will always fail
C:/ST/STM32CubeIDE_1.16.0/STM32CubeIDE/plugins/com.st.stm32cube.ide.mcu.externaltools.gnu-tools-for-stm32.12.3.rel1.win32_1.0.200.202406191623/tools/bin/../lib/gcc/arm-none-eabi/12.3.1/../../../../arm-none-eabi/bin/ld.exe: C:/ST/STM32CubeIDE_1.16.0/STM32CubeIDE/plugins/com.st.stm32cube.ide.mcu.externaltools.gnu-tools-for-stm32.12.3.rel1.win32_1.0.200.202406191623/tools/bin/../lib/gcc/arm-none-eabi/12.3.1/../../../../arm-none-eabi/lib/thumb/v6-m/nofp\libc_nano.a(libc_a-lseekr.o): in function `_lseek_r':
(.text._lseek_r+0x10): warning: _lseek is not implemented and will always fail
C:/ST/STM32CubeIDE_1.16.0/STM32CubeIDE/plugins/com.st.stm32cube.ide.mcu.externaltools.gnu-tools-for-stm32.12.3.rel1.win32_1.0.200.202406191623/tools/bin/../lib/gcc/arm-none-eabi/12.3.1/../../../../arm-none-eabi/bin/ld.exe: C:/ST/STM32CubeIDE_1.16.0/STM32CubeIDE/plugins/com.st.stm32cube.ide.mcu.externaltools.gnu-tools-for-stm32.12.3.rel1.win32_1.0.200.202406191623/tools/bin/../lib/gcc/arm-none-eabi/12.3.1/../../../../arm-none-eabi/lib/thumb/v6-m/nofp\libc_nano.a(libc_a-readr.o): in function `_read_r':
(.text._read_r+0x10): warning: _read is not implemented and will always fail
C:/ST/STM32CubeIDE_1.16.0/STM32CubeIDE/plugins/com.st.stm32cube.ide.mcu.externaltools.gnu-tools-for-stm32.12.3.rel1.win32_1.0.200.202406191623/tools/bin/../lib/gcc/arm-none-eabi/12.3.1/../../../../arm-none-eabi/bin/ld.exe: C:/ST/STM32CubeIDE_1.16.0/STM32CubeIDE/plugins/com.st.stm32cube.ide.mcu.externaltools.gnu-tools-for-stm32.12.3.rel1.win32_1.0.200.202406191623/tools/bin/../lib/gcc/arm-none-eabi/12.3.1/../../../../arm-none-eabi/lib/thumb/v6-m/nofp\libc_nano.a(libc_a-writer.o): in function `_write_r':
(.text._write_r+0x10): warning: _write is not implemented and will always fail
C:/ST/STM32CubeIDE_1.16.0/STM32CubeIDE/plugins/com.st.stm32cube.ide.mcu.externaltools.gnu-tools-for-stm32.12.3.rel1.win32_1.0.200.202406191623/tools/bin/../lib/gcc/arm-none-eabi/12.3.1/../../../../arm-none-eabi/bin/ld.exe: warning: build/Prac1.elf has a LOAD segment with RWX permissions
arm-none-eabi-size build/Prac1.elf
   text	   data	    bss	    dec	    hex	filename
   2608	     20	   1644	   4272	   10b0	build/Prac1.elf
arm-none-eabi-objcopy -O ihex build/Prac1.elf build/Prac1.hex
arm-none-eabi-objcopy -O binary -S build/Prac1.elf build/Prac1.bin	
20:15:10 **** Incremental Build of configuration Default for project Prac1 ****
make all 
make: Nothing to be done for 'all'.
