23:04:22 **** Incremental Build of configuration Default for project Prac1 ****
make all 
arm-none-eabi-gcc -c -mcpu=cortex-m0 -mthumb   -DSTM32F051x8 -DUSE_FULL_LL_DRIVER -DHSE_VALUE=8000000 -DHSE_STARTUP_TIMEOUT=100 -DLSE_STARTUP_TIMEOUT=5000 -DLSE_VALUE=32768 -DHSI_VALUE=8000000 -DLSI_VALUE=40000 -DVDD_VALUE=3300 -DPREFETCH_ENABLE=1 -DINSTRUCTION_CACHE_ENABLE=0 -DDATA_CACHE_ENABLE=0 -ICore/Inc -IDrivers/STM32F0xx_HAL_Driver/Inc -IDrivers/CMSIS/Device/ST/STM32F0xx/Include -IDrivers/CMSIS/Include -Og -Wall -fdata-sections -ffunction-sections -g -gdwarf-2 -MMD -MP -MF"build/main.d" -Wa,-a,-ad,-alms=build/main.lst Core/Src/main.c -o build/main.o
In file included from Drivers/STM32F0xx_HAL_Driver/Inc/stm32f0xx_hal.h:29,
                 from Core/Inc/main.h:30,
                 from Core/Src/main.c:20:
Core/Inc/stm32f0xx_hal_conf.h:151: warning: "VDD_VALUE" redefined
  151 | #define  VDD_VALUE                    ((uint32_t)3300) /*!< Value of VDD in mv */
      | 
<command-line>: note: this is the location of the previous definition
arm-none-eabi-gcc build/main.o build/stm32f0xx_it.o build/system_stm32f0xx.o build/stm32f0xx_ll_gpio.o build/stm32f0xx_hal.o build/stm32f0xx_hal_pwr.o build/stm32f0xx_hal_pwr_ex.o build/stm32f0xx_ll_exti.o build/stm32f0xx_ll_rcc.o build/stm32f0xx_hal_cortex.o build/stm32f0xx_hal_dma.o build/stm32f0xx_hal_flash.o build/stm32f0xx_hal_flash_ex.o build/stm32f0xx_hal_gpio.o build/stm32f0xx_hal_i2c.o build/stm32f0xx_hal_i2c_ex.o build/stm32f0xx_hal_tim.o build/stm32f0xx_hal_tim_ex.o build/stm32f0xx_hal_rcc.o build/stm32f0xx_hal_rcc_ex.o build/stm32f0xx_hal_msp.o build/stm32f0xx_ll_utils.o build/startup_stm32f051x8.o -mcpu=cortex-m0 -mthumb   -specs=nano.specs -TSTM32F051C6Tx_FLASH.ld  -lc -lm -lnosys  -Wl,-Map=build/Prac1.map,--cref -Wl,--gc-sections -o build/Prac1.elf
C:/ST/STM32CubeIDE_1.16.0/STM32CubeIDE/plugins/com.st.stm32cube.ide.mcu.externaltools.gnu-tools-for-stm32.12.3.rel1.win32_1.0.200.202406191623/tools/bin/../lib/gcc/arm-none-eabi/12.3.1/../../../../arm-none-eabi/bin/ld.exe: C:/ST/STM32CubeIDE_1.16.0/STM32CubeIDE/plugins/com.st.stm32cube.ide.mcu.externaltools.gnu-tools-for-stm32.12.3.rel1.win32_1.0.200.202406191623/tools/bin/../lib/gcc/arm-none-eabi/12.3.1/../../../../arm-none-eabi/lib/thumb/v6-m/nofp\libc_nano.a(libc_a-closer.o): in function `_close_r':
(.text._close_r+0xc): warning: _close is not implemented and will always fail
C:/ST/STM32CubeIDE_1.16.0/STM32CubeIDE/plugins/com.st.stm32cube.ide.mcu.externaltools.gnu-tools-for-stm32.12.3.rel1.win32_1.0.200.202406191623/tools/bin/../lib/gcc/arm-none-eabi/12.3.1/../../../../arm-none-eabi/bin/ld.exe: C:/ST/STM32CubeIDE_1.16.0/STM32CubeIDE/plugins/com.st.stm32cube.ide.mcu.externaltools.gnu-tools-for-stm32.12.3.rel1.win32_1.0.200.202406191623/tools/bin/../lib/gcc/arm-none-eabi/12.3.1/../../../../arm-none-eabi/lib/thumb/v6-m/nofp\libc_nano.a(libc_a-lseekr.o): in function `_lseek_r':
(.text._lseek_r+0x10): warning: _lseek is not implemented and will always fail
C:/ST/STM32CubeIDE_1.16.0/STM32CubeIDE/plugins/com.st.stm32cube.ide.mcu.externaltools.gnu-tools-for-stm32.12.3.rel1.win32_1.0.200.202406191623/tools/bin/../lib/gcc/arm-none-eabi/12.3.1/../../../../arm-none-eabi/bin/ld.exe: C:/ST/STM32CubeIDE_1.16.0/STM32CubeIDE/plugins/com.st.stm32cube.ide.mcu.externaltools.gnu-tools-for-stm32.12.3.rel1.win32_1.0.200.202406191623/tools/bin/../lib/gcc/arm-none-eabi/12.3.1/../../../../arm-none-eabi/lib/thumb/v6-m/nofp\libc_nano.a(libc_a-readr.o): in function `_read_r':
(.text._read_r+0x10): warning: _read is not implemented and will always fail
C:/ST/STM32CubeIDE_1.16.0/STM32CubeIDE/plugins/com.st.stm32cube.ide.mcu.externaltools.gnu-tools-for-stm32.12.3.rel1.win32_1.0.200.202406191623/tools/bin/../lib/gcc/arm-none-eabi/12.3.1/../../../../arm-none-eabi/bin/ld.exe: C:/ST/STM32CubeIDE_1.16.0/STM32CubeIDE/plugins/com.st.stm32cube.ide.mcu.externaltools.gnu-tools-for-stm32.12.3.rel1.win32_1.0.200.202406191623/tools/bin/../lib/gcc/arm-none-eabi/12.3.1/../../../../arm-none-eabi/lib/thumb/v6-m/nofp\libc_nano.a(libc_a-writer.o): in function `_write_r':
(.text._write_r+0x10): warning: _write is not implemented and will always fail
C:/ST/STM32CubeIDE_1.16.0/STM32CubeIDE/plugins/com.st.stm32cube.ide.mcu.externaltools.gnu-tools-for-stm32.12.3.rel1.win32_1.0.200.202406191623/tools/bin/../lib/gcc/arm-none-eabi/12.3.1/../../../../arm-none-eabi/bin/ld.exe: warning: build/Prac1.elf has a LOAD segment with RWX permissions
arm-none-eabi-size build/Prac1.elf
   text	   data	    bss	    dec	    hex	filename
   3396	     20	   1644	   5060	   13c4	build/Prac1.elf
arm-none-eabi-objcopy -O ihex build/Prac1.elf build/Prac1.hex
arm-none-eabi-objcopy -O binary -S build/Prac1.elf build/Prac1.bin	

23:04:23 Build Finished. 0 errors, 6 warnings. (took 1s.598ms)

